/home/fra/.config/gmusicbrowser/gmbrc
80ies
ambient
bassmusic
blues
break
breakbeat
chill
classics
d'n'b
d'n'b atmo
d'n'b halfstep
d'n'b jungle breakbeat
disco
dub digital
dub'n'reggae
dubstep
dubstep deep
dubstep noize
electro
electronica
electronica subversive
empty
funk'n'soul
good pop
guit
headz
headz easy
headz latenight
headz wonky
hiphop
hiphop DE
hiphop subversive
hippiekram balladen
jazzy
klassik
moombathon
mystic_shuffle
postrock
psy trance
rock
slowhouse
solo instruments
techno
techno acid
techno atmo
techno classic
techno dub
techno goa
techno house
techno shuffle
techno slow
techno trance
triphop
vaporwave
vintage_electronics
wReferenceTracks
wave
world
xeccojams
xsamples
xsamples_drum
xsort_dNb
xtechno dub kapput
xyz_New2014_05_31
xyz_New2014_07_10
xyz_New2015_01_14
xyz_New2015_01_18
xyz_New2015_05_03
xyz_New2015_08_10
xyz_New2015_08_16(Recode)
xyz_New2015_09_09
xyz_New2015_22_09
xyz_New2016_08_10
zB+S 7
zQSD_02
zQSD_02_2
zQSD_03
zQSD_04
zQSD_05
zQSD_06
zQSD_07
zQSD_08
zQSD_3
zQSD_Mix 03
zaddi
zaz 05
zaz04
zaz_final
zbassstaette
zbassstaette2014_05
zbassstaette_AZ'14_07
zbaststaette_AZ'14_07--02
zh_az_subsession01
zhactual
zhilde01
zhilde02
zhilde_amor
zhilde_strom
zhilde_vintage
zlist000
zschicht01
zschichtchill
